---
source: tests/snapshot_tests.rs
assertion_line: 133
expression: file_metadata
---
[
    FileMetadata {
        decrypted_name: ".config",
        encrypted_name: "3P47c2-HktSQsRRFttcm_OJ9BbnIKIo=.c9r",
        size: 110,
        is_shortened: false,
    },
    FileMetadata {
        decrypted_name: ".gitignore",
        encrypted_name: "46vyDzUaFT4W8JR_vYLGCRwQc6srW9sOpXo=.c9r",
        size: 110,
        is_shortened: false,
    },
    FileMetadata {
        decrypted_name: ".hidden",
        encrypted_name: "gNN66mROQo9tDoevg5Tkth7aM4XXMDY=.c9r",
        size: 110,
        is_shortened: false,
    },
    FileMetadata {
        decrypted_name: "data.json",
        encrypted_name: "w7uukfXXXDcynYPvay6MPlZPgc_c3UbGAQ==.c9r",
        size: 110,
        is_shortened: false,
    },
    FileMetadata {
        decrypted_name: "document.pdf",
        encrypted_name: "vLSVGJ-U19CzzBDotWUCALeTrVbRPhBLX5Q-Rg==.c9r",
        size: 110,
        is_shortened: false,
    },
    FileMetadata {
        decrypted_name: "file with spaces.txt",
        encrypted_name: "CjTKam9sAHF9GyiXjtJd8IxHH39BWmuKPJ4bDdirZLkyYuM8.c9r",
        size: 116,
        is_shortened: false,
    },
    FileMetadata {
        decrypted_name: "image.png",
        encrypted_name: "WQi9MHM82pDKtGqJaZZDscOUa9YcGilnWA==.c9r",
        size: 110,
        is_shortened: false,
    },
    FileMetadata {
        decrypted_name: "special@#$%^chars.doc",
        encrypted_name: "tpjsCz76j2dnOh7IBXclmfogqeZcGz7d8NbELicajttqbB8qiQ==.c9r",
        size: 116,
        is_shortened: false,
    },
    FileMetadata {
        decrypted_name: "test.txt",
        encrypted_name: "VRyEh_FViWp2pxdKlCLkugio-xfnx1OI.c9r",
        size: 110,
        is_shortened: false,
    },
    FileMetadata {
        decrypted_name: "émojis-🚀.txt",
        encrypted_name: "GfaonfFAVv-2EDla7xI39l_oG3NVwb915MKhwwX1k4s=.c9r",
        size: 116,
        is_shortened: false,
    },
]
